#-----------------------------------------------------------
# Vivado v2023.2 (64-bit)
# SW Build 4029153 on Fri Oct 13 20:14:34 MDT 2023
# IP Build 4028589 on Sat Oct 14 00:45:43 MDT 2023
# SharedData Build 4025554 on Tue Oct 10 17:18:54 MDT 2023
# Start of session at: Sun Mar  2 15:31:08 2025
# Process ID: 26204
# Current directory: e:/projects_2024/Loong_Team/chiplab/fpga/nscscc-team/run_vivado/project/loongson.runs/clk_pll_synth_1
# Command line: vivado.exe -log clk_pll.vds -product Vivado -mode batch -messageDb vivado.pb -notrace -source clk_pll.tcl
# Log file: e:/projects_2024/Loong_Team/chiplab/fpga/nscscc-team/run_vivado/project/loongson.runs/clk_pll_synth_1/clk_pll.vds
# Journal file: e:/projects_2024/Loong_Team/chiplab/fpga/nscscc-team/run_vivado/project/loongson.runs/clk_pll_synth_1\vivado.jou
# Running On: Super-EvilLoong, OS: Windows, CPU Frequency: 2688 MHz, CPU Physical cores: 10, Host memory: 16793 MB
#-----------------------------------------------------------
source clk_pll.tcl -notrace
